<DOCTYPE html>
<html lang="ru">
    <head>
    <meta charset="UTF-8">
    <meta name="viewport" content="width=device-width, initial-scale=1, maximum-scale=1">
    <title>Golden</title>
    <link rel="icon" href="img/fav.png" type="image/x-icon">
    <link rel="stylesheet" href="https://cdnjs.cloudflare.com/ajax/libs/normalize/7.0.0/normalize.min.css" />
    <link rel="stylesheet" href="css/style.css">
    <link href="https://fonts.googleapis.com/css?family=Droid+Serif:400i|Montserrat:400,700|Roboto" rel="stylesheet">
    <link rel="stylesheet" href="https://cdnjs.cloudflare.com/ajax/libs/font-awesome/4.7.0/css/font-awesome.min.css" />
    <script src="https://cdnjs.cloudflare.com/ajax/libs/prefixfree/1.0.7/prefixfree.min.js"></script>
    </head>
    <body>
        <header>
            <div class="container">
                <nav>
                <div class="logo"></div>
                <div class="nav-toggle"><span></span></div>
                <ul id="menu">
                    <li><a href="#">Home</a></li>
                    <li><a href="#services">Services</a></li>
                    <li><a href="#portfolio">Portfolio</a></li>
                    <li><a href="#team">Our team</a></li>
                    <li><a href="#contact">Contact</a></li>
                </ul>
                </nav>
                <div class="flex">
                <h2>Welcome To Our Studio!</h2>
                <h1>Itâ€™s nice to Meet you</h1>
                <button>Tell me more</button>
                </div>
            </div>
        </header>
        <section class="container"  id="services">
            <h3>Services</h3>
            <h4>Proin iaculis purus consequat sem cure.</h4>
            <div class="row">
                <div class="col-3">
                    <img src="img/serv-1.jpg">
                    <h5>E-Commerce</h5>
                    <p>Proin iaculis purus consequat sem cure digni ssim. Donec orttitora entum suscipit aenean rhoncus posuere odio in incidunt.</p>
                </div>
                <div class="col-3">
                    <img src="img/serv-2.jpg">
                    <h5>Responsive Web</h5>
                    <p>Proin iaculis purus consequat sem cure digni ssim. Donec orttitora entum suscipit aenean rhoncus posuere odio in incidunt.</p>
                </div>
                <div class="col-3">
                    <img src="img/serv-3.jpg">
                    <h5>Web Security</h5>
                    <p>Proin iaculis purus consequat sem cure digni ssim. Donec orttitora entum suscipit aenean rhoncus posuere odio in incidunt.</p>
                </div>
            </div>
        </section>
        <div class="bg">
            <section class="container" id="portfolio">
                <h3>Our portfolio</h3>
                <h4>Proin iaculis purus consequat sem cure.</h4>
                <div class="row">
                    <div class="col-3">
                        <div class="card">
                            <div class="imgBx">
                                <img src="img/port-1.jpg">
                            </div>
                            <div class="details">
                                <h5>Lorem Ipsum</h5>
                                <p>Lorem Ipsum is simply dummy text of the printing and typesetting industry. Lorem Ipsum has been the industry's standard dummy text ever since the 1500s</p>
                            </div>
                        </div>
                        <div class="bot-text">
                            <h5>Ebony & Ivory</h5>
                            <p>Branding</p>
                        </div>    
                    </div>
                    <div class="col-3">
                        <div class="card">
                            <div class="imgBx">
                                <img src="img/port-2.jpg">
                            </div>
                            <div class="details">
                                <h5>Lorem Ipsum</h5>
                                <p>Lorem Ipsum is simply dummy text of the printing and typesetting industry. Lorem Ipsum has been the industry's standard dummy text ever since the 1500s</p>
                            </div>
                        </div>
                        <div class="bot-text">
                            <h5>Smart Stationary</h5>
                            <p>Print Design</p>
                        </div>    
                    </div>
                    <div class="col-3">
                        <div class="card">
                            <div class="imgBx">
                                <img src="img/port-3.jpg">
                            </div>
                            <div class="details">
                                <h5>Lorem Ipsum</h5>
                                <p>Lorem Ipsum is simply dummy text of the printing and typesetting industry. Lorem Ipsum has been the industry's standard dummy text ever since the 1500s</p>
                            </div>
                        </div>
                        <div class="bot-text">
                            <h5>Clever Poster</h5>
                            <p>Print Design</p>
                        </div>    
                    </div>
                    <div class="col-3">
                        <div class="card">
                            <div class="imgBx">
                                <img src="img/port-4.jpg">
                            </div>
                            <div class="details">
                                <h5>Lorem Ipsum</h5>
                                <p>Lorem Ipsum is simply dummy text of the printing and typesetting industry. Lorem Ipsum has been the industry's standard dummy text ever since the 1500s</p>
                            </div>
                        </div>
                        <div class="bot-text">
                            <h5>Vinyl Record</h5>
                            <p>Product Mock-Up</p>
                        </div>
                    </div>
                    <div class="col-3">
                        <div class="card">
                            <div class="imgBx">
                                <img src="img/port-5.jpg">
                            </div>
                            <div class="details">
                                <h5>Lorem Ipsum</h5>
                                <p>Lorem Ipsum is simply dummy text of the printing and typesetting industry. Lorem Ipsum has been the industry's standard dummy text ever since the 1500s</p>
                            </div>
                        </div>
                        <div class="bot-text">
                            <h5>Treehouse Template</h5>
                            <p>Web Design</p>
                        </div>
                    </div>
                    <div class="col-3">
                        <div class="card">
                            <div class="imgBx">
                                <img src="img/port-6.jpg">
                            </div>
                            <div class="details">
                                <h5>Lorem Ipsum</h5>
                                <p>Lorem Ipsum is simply dummy text of the printing and typesetting industry. Lorem Ipsum has been the industry's standard dummy text ever since the 1500s</p>
                            </div>
                        </div>
                        <div class="bot-text">
                            <h5>Burned Logo</h5>
                            <p>Branding</p>
                        </div>
                    </div>
                </div>
            </section>
        </div>
        <section class="container brands">
            <a href="#"><img src="img/envato.png"></a>
            <a href="#"><img src="img/wordpress.png"></a>
            <a href="#"><img src="img/aetuts.png"></a>
            <a href="#"><img src="img/microlancer.png"></a>
        </section>
        <div class="bg_2">
            <section class="container" id="team">
                <h3>our amazing team</h3>
                <h4>Proin iaculis purus consequat sem cure.</h4>
                <div class="row">
                    <div class="col-3">
                        <img src="img/foto.png">
                        <h5>Kimberly Thompson</h5>
                        <p>Marketer</p>
                        <span class="fa-stack fa-lg">
                            <i class="fa  fa-circle-thin fa-stack-2x"></i>
                            <a href="#"><i class="fa fa-twitter fa-stack-1x"></i></a>
                        </span>
                        <span class="fa-stack fa-lg">
                            <i class="fa  fa-circle-thin fa-stack-2x"></i>
                            <a href="#"><i class="fa fa-facebook fa-stack-1x"></i></a>
                        </span>
                        <span class="fa-stack fa-lg">
                            <i class="fa  fa-circle-thin fa-stack-2x"></i>
                            <a href="#"><i class="fa fa-pinterest-p fa-stack-1x"></i></a>
                        </span>
                    </div>
                    <div class="col-3">
                        <img src="img/foto.png">
                        <h5>Rico Massimo</h5>
                        <p>Coder</p>
                        <span class="fa-stack fa-lg">
                            <i class="fa  fa-circle-thin fa-stack-2x"></i>
                            <a href="#"><i class="fa fa-twitter fa-stack-1x"></i></a>
                        </span>
                        <span class="fa-stack fa-lg">
                            <i class="fa  fa-circle-thin fa-stack-2x"></i>
                            <a href="#"><i class="fa fa-facebook fa-stack-1x"></i></a>
                        </span>
                        <span class="fa-stack fa-lg">
                            <i class="fa  fa-circle-thin fa-stack-2x"></i>
                            <a href="#"><i class="fa fa-google fa-stack-1x"></i></a>
                        </span>  
                    </div>
                    <div class="col-3">
                        <img src="img/foto.png">
                        <h5>Uku Mason</h5>
                        <p>Graphic Designer</p>
                        <span class="fa-stack fa-lg">
                            <i class="fa  fa-circle-thin fa-stack-2x"></i>
                            <a href="#"><i class="fa fa-twitter fa-stack-1x"></i></a>
                        </span>
                        <span class="fa-stack fa-lg">
                            <i class="fa  fa-circle-thin fa-stack-2x"></i>
                            <a href="#"><i class="fa fa-facebook fa-stack-1x"></i></a>
                        </span>
                    </div>
                </div>
            </section>
        </div>
        <div class="contact">
            <section class="container" id="contact">
                <h3>Contact us</h3>
                <h4>Proin iaculis purus consequat sem cure. </h4>
                <form>
                    <input label="name" placeholder="Your name *">
                    <input label="email" placeholder="Your E-mail *">
                    <input label="subject" placeholder="Subject">
                    <textarea name="comment" cols="60" rows="10" placeholder="Your massege *"></textarea></p>
                </form>
                <button>Send massege</button>
            </section>
        </div>
        <footer>
            <p>&copy; 2017 Internet.com</p>
        </footer>

<!-- ÐœÐ¾Ð±Ð¸Ð»ÑŒÐ¾Ðµ Ð¼ÐµÐ½ÑŽ -->        
        <script src="https://cdnjs.cloudflare.com/ajax/libs/jquery-compat/3.0.0-alpha1/jquery.min.js"></script>
        <script>
        $('.nav-toggle').on('click', function(){
            $('#menu').toggleClass('active');
        });
        </script>
<!-- ÐœÐ¾Ð±Ð¸Ð»ÑŒÐ¾Ðµ Ð¼ÐµÐ½ÑŽ -->   
    </body>
</html>
